PREHOOK: query: -- This test sets number of mapred tasks to 2 for a table with 4 buckets,
-- and uses a post-hook to confirm that 1 tasks were created

drop table if exists bucket_nr_acid2
PREHOOK: type: DROPTABLE
POSTHOOK: query: -- This test sets number of mapred tasks to 2 for a table with 4 buckets,
-- and uses a post-hook to confirm that 1 tasks were created

drop table if exists bucket_nr_acid2
POSTHOOK: type: DROPTABLE
PREHOOK: query: create table bucket_nr_acid2 (a int, b int) clustered by (a) into 4 buckets stored as orc TBLPROPERTIES ('transactional'='true')
PREHOOK: type: CREATETABLE
PREHOOK: Output: database:default
PREHOOK: Output: default@bucket_nr_acid2
POSTHOOK: query: create table bucket_nr_acid2 (a int, b int) clustered by (a) into 4 buckets stored as orc TBLPROPERTIES ('transactional'='true')
POSTHOOK: type: CREATETABLE
POSTHOOK: Output: database:default
POSTHOOK: Output: default@bucket_nr_acid2
PREHOOK: query: -- txn X write to b0 + b1
insert into bucket_nr_acid2 values(0,1),(1,1)
PREHOOK: type: QUERY
PREHOOK: Input: default@values__tmp__table__1
PREHOOK: Output: default@bucket_nr_acid2
PREHOOK: query: -- txn X + 1 write to b2 + b3
insert into bucket_nr_acid2 values(2,2),(3,2)
PREHOOK: type: QUERY
PREHOOK: Input: default@values__tmp__table__2
PREHOOK: Output: default@bucket_nr_acid2
PREHOOK: query: -- txn X + 2 write to b0 + b1
insert into bucket_nr_acid2 values(0,3),(1,3)
PREHOOK: type: QUERY
PREHOOK: Input: default@values__tmp__table__3
PREHOOK: Output: default@bucket_nr_acid2
PREHOOK: query: -- txn X + 3 write to b2 + b3
insert into bucket_nr_acid2 values(2,4),(3,4)
PREHOOK: type: QUERY
PREHOOK: Input: default@values__tmp__table__4
PREHOOK: Output: default@bucket_nr_acid2
PREHOOK: query: -- so with 2 FileSinks and 4 buckets, FS1 should see (0,1),(2,2),(0,3)(2,4) since data is sorted by
-- ROW__ID where tnxid is the first component FS2 should see (1,1),(3,2),(1,3),(3,4)


update bucket_nr_acid2 set b = -1
PREHOOK: type: QUERY
PREHOOK: Input: default@bucket_nr_acid2
PREHOOK: Output: default@bucket_nr_acid2
PREHOOK: query: select * from bucket_nr_acid2 order by a, b
PREHOOK: type: QUERY
PREHOOK: Input: default@bucket_nr_acid2
#### A masked pattern was here ####
0	-1
0	-1
1	-1
1	-1
2	-1
2	-1
3	-1
3	-1
PREHOOK: query: drop table bucket_nr_acid2
PREHOOK: type: DROPTABLE
PREHOOK: Input: default@bucket_nr_acid2
PREHOOK: Output: default@bucket_nr_acid2
